[     671ms] [LOG] 
%c__%c__%c__%c__%c__%c__%c__%c__%c__%c__%c__
%c__%c__%c__%c__%c__%c__%c__%c__%c__%c__%c__
%c__%c__%c__%c__%c__%c__%c__%c__%c__%c__%c__
%c__%c__%c__%c__%c__%c__%c__%c__%c__%c__%c__
%c__%c__%c__%c__%c__%c__%c__%c__%c__%c__%c__
%c__%c__%c__%c__%c__%c__%c__%c__%c__%c__%c__
%c__%c__%c__%c__%c__%c__%c__%c__%c__%c__%c__
%c__%c__%c__%c__%c__%c__%c__%c__%c__%c__%c__
%c__%c__%c__%c__%c__%c__%c__%c__%c__%c__%c__
%c__%c__%c__%c__%c__%c__%c__%c__%c__%c__%c__
%c__%c__%c__%c__%c__%c__%c__%c__%c__%c__%c__%c

Rejoignez-nous et contribuez à créer un monde où chacun peut se sentir chez soi, ailleurs, à l'adresse suivante : https://careers.airbnb.com/ background: rgba(0, 0, 0, 0); color: rgba(0, 0, 0, 0); background: rgba(0, 0, 0, 0); color: rgba(0, 0, 0, 0); background: rgba(0, 0, 0, 0); color: rgba(0, 0, 0, 0); background: rgba(0, 0, 0, 0); color: rgba(0, 0, 0, 0); background: rgba(0, 0, 0, 0); color: rgba(0, 0, 0, 0); background: #FF5A5F; color: #FF5A5F; background: rgba(0, 0, 0, 0); color: rgba(0, 0, 0, 0); background: rgba(0, 0, 0, 0); color: rgba(0, 0, 0, 0); background: rgba(0, 0, 0, 0); color: rgba(0, 0, 0, 0); background: rgba(0, 0, 0, 0); color: rgba(0, 0, 0, 0); background: rgba(0, 0, 0, 0); color: rgba(0, 0, 0, 0); background: rgba(0, 0, 0, 0); color: rgba(0, 0, 0, 0); background: rgba(0, 0, 0, 0); color: rgba(0, 0, 0, 0); background: rgba(0, 0, 0, 0); color: rgba(0, 0, 0, 0); background: rgba(0, 0, 0, 0); color: rgba(0, 0, 0, 0); background: #FF5A5F; color: #FF5A5F; background: rgba(0, 0, 0, 0); color: rgba(0, 0, 0, 0); background: #FF5A5F; color: #FF5A5F; background: rgba(0, 0, 0, 0); color: rgba(0, 0, 0, 0); background: rgba(0, 0, 0, 0); color: rgba(0, 0, 0, 0); background: rgba(0, 0, 0, 0); color: rgba(0, 0, 0, 0); background: rgba(0, 0, 0, 0); color: rgba(0, 0, 0, 0); background: rgba(0, 0, 0, 0); color: rgba(0, 0, 0, 0); background: rgba(0, 0, 0, 0); color: rgba(0, 0, 0, 0); background: rgba(0, 0, 0, 0); color: rgba(0, 0, 0, 0); background: #FF5A5F; color: #FF5A5F; background: rgba(0, 0, 0, 0); color: rgba(0, 0, 0, 0); background: rgba(0, 0, 0, 0); color: rgba(0, 0, 0, 0); background: rgba(0, 0, 0, 0); color: rgba(0, 0, 0, 0); background: #FF5A5F; color: #FF5A5F; background: rgba(0, 0, 0, 0); color: rgba(0, 0, 0, 0); background: rgba(0, 0, 0, 0); color: rgba(0, 0, 0, 0); background: rgba(0, 0, 0, 0); color: rgba(0, 0, 0, 0); background: rgba(0, 0, 0, 0); color: rgba(0, 0, 0, 0); background: rgba(0, 0, 0, 0); color: rgba(0, 0, 0, 0); background: #FF5A5F; color: #FF5A5F; background: rgba(0, 0, 0, 0); color: rgba(0, 0, 0, 0); background: rgba(0, 0, 0, 0); color: rgba(0, 0, 0, 0); background: rgba(0, 0, 0, 0); color: rgba(0, 0, 0, 0); background: rgba(0, 0, 0, 0); color: rgba(0, 0, 0, 0); background: rgba(0, 0, 0, 0); color: rgba(0, 0, 0, 0); background: #FF5A5F; color: #FF5A5F; background: rgba(0, 0, 0, 0); color: rgba(0, 0, 0, 0); background: rgba(0, 0, 0, 0); color: rgba(0, 0, 0, 0); background: rgba(0, 0, 0, 0); color: rgba(0, 0, 0, 0); background: rgba(0, 0, 0, 0); color: rgba(0, 0, 0, 0); background: #FF5A5F; color: #FF5A5F; background: rgba(0, 0, 0, 0); color: rgba(0, 0, 0, 0); background: rgba(0, 0, 0, 0); color: rgba(0, 0, 0, 0); background: rgba(0, 0, 0, 0); color: rgba(0, 0, 0, 0); background: rgba(0, 0, 0, 0); color: rgba(0, 0, 0, 0); background: rgba(0, 0, 0, 0); color: rgba(0, 0, 0, 0); background: #FF5A5F; color: #FF5A5F; background: rgba(0, 0, 0, 0); color: rgba(0, 0, 0, 0); background: rgba(0, 0, 0, 0); color: rgba(0, 0, 0, 0); background: rgba(0, 0, 0, 0); color: rgba(0, 0, 0, 0); background: #FF5A5F; color: #FF5A5F; background: rgba(0, 0, 0, 0); color: rgba(0, 0, 0, 0); background: rgba(0, 0, 0, 0); color: rgba(0, 0, 0, 0); background: rgba(0, 0, 0, 0); color: rgba(0, 0, 0, 0); background: #FF5A5F; color: #FF5A5F; background: rgba(0, 0, 0, 0); color: rgba(0, 0, 0, 0); background: rgba(0, 0, 0, 0); color: rgba(0, 0, 0, 0); background: rgba(0, 0, 0, 0); color: rgba(0, 0, 0, 0); background: #FF5A5F; color: #FF5A5F; background: rgba(0, 0, 0, 0); color: rgba(0, 0, 0, 0); background: rgba(0, 0, 0, 0); color: rgba(0, 0, 0, 0); background: #FF5A5F; color: #FF5A5F; background: rgba(0, 0, 0, 0); color: rgba(0, 0, 0, 0); background: rgba(0, 0, 0, 0); color: rgba(0, 0, 0, 0); background: #FF5A5F; color: #FF5A5F; background: rgba(0, 0, 0, 0); color: rgba(0, 0, 0, 0); background: #FF5A5F; color: #FF5A5F; background: rgba(0, 0, 0, 0); color: rgba(0, 0, 0, 0); background: rgba(0, 0, 0, 0); color: rgba(0, 0, 0, 0); background: #FF5A5F; color: #FF5A5F; background: rgba(0, 0, 0, 0); color: rgba(0, 0, 0, 0); background: #FF5A5F; color: #FF5A5F; background: rgba(0, 0, 0, 0); color: rgba(0, 0, 0, 0); background: rgba(0, 0, 0, 0); color: rgba(0, 0, 0, 0); background: rgba(0, 0, 0, 0); color: rgba(0, 0, 0, 0); background: #FF5A5F; color: #FF5A5F; background: rgba(0, 0, 0, 0); color: rgba(0, 0, 0, 0); background: #FF5A5F; color: #FF5A5F; background: rgba(0, 0, 0, 0); color: rgba(0, 0, 0, 0); background: rgba(0, 0, 0, 0); color: rgba(0, 0, 0, 0); background: rgba(0, 0, 0, 0); color: rgba(0, 0, 0, 0); background: #FF5A5F; color: #FF5A5F; background: #FF5A5F; color: #FF5A5F; background: rgba(0, 0, 0, 0); color: rgba(0, 0, 0, 0); background: rgba(0, 0, 0, 0); color: rgba(0, 0, 0, 0); background: rgba(0, 0, 0, 0); color: rgba(0, 0, 0, 0); background: rgba(0, 0, 0, 0); color: rgba(0, 0, 0, 0); background: #FF5A5F; color: #FF5A5F; background: rgba(0, 0, 0, 0); color: rgba(0, 0, 0, 0); background: rgba(0, 0, 0, 0); color: rgba(0, 0, 0, 0); background: rgba(0, 0, 0, 0); color: rgba(0, 0, 0, 0); background: rgba(0, 0, 0, 0); color: rgba(0, 0, 0, 0); background: #FF5A5F; color: #FF5A5F; background: rgba(0, 0, 0, 0); color: rgba(0, 0, 0, 0); background: #FF5A5F; color: #FF5A5F; background: rgba(0, 0, 0, 0); color: rgba(0, 0, 0, 0); background: rgba(0, 0, 0, 0); color: rgba(0, 0, 0, 0); background: #FF5A5F; color: #FF5A5F; background: rgba(0, 0, 0, 0); color: rgba(0, 0, 0, 0); background: #FF5A5F; color: #FF5A5F; background: rgba(0, 0, 0, 0); color: rgba(0, 0, 0, 0); background: rgba(0, 0, 0, 0); color: rgba(0, 0, 0, 0); background: #FF5A5F; color: #FF5A5F; background: rgba(0, 0, 0, 0); color: rgba(0, 0, 0, 0); background: rgba(0, 0, 0, 0); color: rgba(0, 0, 0, 0); background: rgba(0, 0, 0, 0); color: rgba(0, 0, 0, 0); background: #FF5A5F; color: #FF5A5F; background: #FF5A5F; color: #FF5A5F; background: rgba(0, 0, 0, 0); color: rgba(0, 0, 0, 0); background: rgba(0, 0, 0, 0); color: rgba(0, 0, 0, 0); background: rgba(0, 0, 0, 0); color: rgba(0, 0, 0, 0); background: #FF5A5F; color: #FF5A5F; background: #FF5A5F; color: #FF5A5F; background: rgba(0, 0, 0, 0); color: rgba(0, 0, 0, 0); background: rgba(0, 0, 0, 0); color: rgba(0, 0, 0, 0); background: default; color: default; @ https://a0.muscache.com/airbnb/static/packages/web/fr/73d2.79cbae4275.js:82
[    1371ms] [WARNING] Google Maps JavaScript API has been loaded directly without loading=async. This can result in suboptimal performance. For best-practice loading patterns please see https://goo.gle/js-api-loading @ https://maps.googleapis.com/maps/api/js?language=fr&region=FR&v=3.63&key=AIzaSyBEPXkdNeppUGoYTnxRJNEPmWfHdRpcmXU&hyperloopconfig=false&map_ids=f070129df0f6b488%2Ce7d50401c220d678%2C76aa4feafa54e1b4ddc75427%2C76aa4feafa54e1b485876b96%2C76aa4feafa54e1b45f841fc6%2C76aa4feafa54e1b447510e15&callback=__onGoogleMapsLoad:332
[    1534ms] [ERROR] Attempted to load a Vector Map, but failed. Falling back to Raster. Please see https://developers.google.com/maps/documentation/javascript/webgl/support for more info @ https://maps.googleapis.com/maps/api/js?language=fr&region=FR&v=3.63&key=AIzaSyBEPXkdNeppUGoYTnxRJNEPmWfHdRpcmXU&hyperloopconfig=false&map_ids=f070129df0f6b488%2Ce7d50401c220d678%2C76aa4feafa54e1b4ddc75427%2C76aa4feafa54e1b485876b96%2C76aa4feafa54e1b45f841fc6%2C76aa4feafa54e1b447510e15&callback=__onGoogleMapsLoad:198
[    1813ms] [VERBOSE] Rendering was performed in a subtree hidden by content-visibility. @ https://maps.googleapis.com/maps-api-v3/api/js/63/14d/intl/fr_ALL/marker.js:2
[    1990ms] [VERBOSE] Rendering was performed in a subtree hidden by content-visibility. @ https://maps.googleapis.com/maps-api-v3/api/js/63/14d/intl/fr_ALL/marker.js:2
[    1991ms] [VERBOSE] Rendering was performed in a subtree hidden by content-visibility. @ https://maps.googleapis.com/maps-api-v3/api/js/63/14d/intl/fr_ALL/marker.js:2
[    1991ms] [VERBOSE] Rendering was performed in a subtree hidden by content-visibility. @ https://maps.googleapis.com/maps-api-v3/api/js/63/14d/intl/fr_ALL/marker.js:2
[    2090ms] [VERBOSE] Rendering was performed in a subtree hidden by content-visibility. @ :3338
[    2098ms] [VERBOSE] Rendering was performed in a subtree hidden by content-visibility. @ :3338
[    2104ms] [VERBOSE] Rendering was performed in a subtree hidden by content-visibility. @ :3338
[    2110ms] [VERBOSE] Rendering was performed in a subtree hidden by content-visibility. @ :3338
[    2117ms] [VERBOSE] Rendering was performed in a subtree hidden by content-visibility. @ :3338
[    2122ms] [VERBOSE] Rendering was performed in a subtree hidden by content-visibility. @ :3338
[    2131ms] [VERBOSE] Rendering was performed in a subtree hidden by content-visibility. @ :3338
[    2137ms] [VERBOSE] Rendering was performed in a subtree hidden by content-visibility. @ :3338
[    2142ms] [VERBOSE] Rendering was performed in a subtree hidden by content-visibility. @ :3338
[    2148ms] [VERBOSE] Rendering was performed in a subtree hidden by content-visibility. @ :3338
[    2153ms] [VERBOSE] Rendering was performed in a subtree hidden by content-visibility. @ :3338
[    2158ms] [VERBOSE] Rendering was performed in a subtree hidden by content-visibility. @ :3338
[    2165ms] [VERBOSE] Rendering was performed in a subtree hidden by content-visibility. @ :3338
[    2170ms] [VERBOSE] Rendering was performed in a subtree hidden by content-visibility. @ :3338
[    2175ms] [VERBOSE] Rendering was performed in a subtree hidden by content-visibility. @ :3338
[    2180ms] [VERBOSE] Rendering was performed in a subtree hidden by content-visibility. @ :3338
[    2185ms] [VERBOSE] Rendering was performed in a subtree hidden by content-visibility. @ :3338
[    2192ms] [VERBOSE] Rendering was performed in a subtree hidden by content-visibility. @ :3338
[    9069ms] [VERBOSE] Rendering was performed in a subtree hidden by content-visibility. @ :3338
[    9074ms] [VERBOSE] Rendering was performed in a subtree hidden by content-visibility. @ :3338
[    9078ms] [VERBOSE] Rendering was performed in a subtree hidden by content-visibility. @ :3338
[    9082ms] [VERBOSE] Rendering was performed in a subtree hidden by content-visibility. @ :3338
[    9086ms] [VERBOSE] Rendering was performed in a subtree hidden by content-visibility. @ :3338
[    9090ms] [VERBOSE] Rendering was performed in a subtree hidden by content-visibility. @ :3338
[    9095ms] [VERBOSE] Rendering was performed in a subtree hidden by content-visibility. @ :3338
[    9100ms] [VERBOSE] Rendering was performed in a subtree hidden by content-visibility. @ :3338
[    9104ms] [VERBOSE] Rendering was performed in a subtree hidden by content-visibility. @ :3338
[    9109ms] [VERBOSE] Rendering was performed in a subtree hidden by content-visibility. @ :3338
[    9113ms] [VERBOSE] Rendering was performed in a subtree hidden by content-visibility. @ :3338
[    9117ms] [VERBOSE] Rendering was performed in a subtree hidden by content-visibility. @ :3338
[    9122ms] [VERBOSE] Rendering was performed in a subtree hidden by content-visibility. @ :3338
[    9126ms] [VERBOSE] Rendering was performed in a subtree hidden by content-visibility. @ :3338
[    9130ms] [VERBOSE] Rendering was performed in a subtree hidden by content-visibility. @ :3338
[    9134ms] [VERBOSE] Rendering was performed in a subtree hidden by content-visibility. @ :3338
[    9140ms] [VERBOSE] Rendering was performed in a subtree hidden by content-visibility. @ :3338
[    9144ms] [VERBOSE] Rendering was performed in a subtree hidden by content-visibility. @ :3338
[    9149ms] [VERBOSE] Rendering was performed in a subtree hidden by content-visibility. @ :3338
[    9153ms] [VERBOSE] Rendering was performed in a subtree hidden by content-visibility. @ :3338
[    9157ms] [VERBOSE] Rendering was performed in a subtree hidden by content-visibility. @ :3338
[    9161ms] [VERBOSE] Rendering was performed in a subtree hidden by content-visibility. @ :3338
[    9165ms] [VERBOSE] Rendering was performed in a subtree hidden by content-visibility. @ :3338
[    9170ms] [VERBOSE] Rendering was performed in a subtree hidden by content-visibility. @ :3338
