[    1186ms] [LOG] 
%c__%c__%c__%c__%c__%c__%c__%c__%c__%c__%c__
%c__%c__%c__%c__%c__%c__%c__%c__%c__%c__%c__
%c__%c__%c__%c__%c__%c__%c__%c__%c__%c__%c__
%c__%c__%c__%c__%c__%c__%c__%c__%c__%c__%c__
%c__%c__%c__%c__%c__%c__%c__%c__%c__%c__%c__
%c__%c__%c__%c__%c__%c__%c__%c__%c__%c__%c__
%c__%c__%c__%c__%c__%c__%c__%c__%c__%c__%c__
%c__%c__%c__%c__%c__%c__%c__%c__%c__%c__%c__
%c__%c__%c__%c__%c__%c__%c__%c__%c__%c__%c__
%c__%c__%c__%c__%c__%c__%c__%c__%c__%c__%c__
%c__%c__%c__%c__%c__%c__%c__%c__%c__%c__%c__%c

Rejoignez-nous et contribuez à créer un monde où chacun peut se sentir chez soi, ailleurs, à l'adresse suivante : https://careers.airbnb.com/ background: rgba(0, 0, 0, 0); color: rgba(0, 0, 0, 0); background: rgba(0, 0, 0, 0); color: rgba(0, 0, 0, 0); background: rgba(0, 0, 0, 0); color: rgba(0, 0, 0, 0); background: rgba(0, 0, 0, 0); color: rgba(0, 0, 0, 0); background: rgba(0, 0, 0, 0); color: rgba(0, 0, 0, 0); background: #FF5A5F; color: #FF5A5F; background: rgba(0, 0, 0, 0); color: rgba(0, 0, 0, 0); background: rgba(0, 0, 0, 0); color: rgba(0, 0, 0, 0); background: rgba(0, 0, 0, 0); color: rgba(0, 0, 0, 0); background: rgba(0, 0, 0, 0); color: rgba(0, 0, 0, 0); background: rgba(0, 0, 0, 0); color: rgba(0, 0, 0, 0); background: rgba(0, 0, 0, 0); color: rgba(0, 0, 0, 0); background: rgba(0, 0, 0, 0); color: rgba(0, 0, 0, 0); background: rgba(0, 0, 0, 0); color: rgba(0, 0, 0, 0); background: rgba(0, 0, 0, 0); color: rgba(0, 0, 0, 0); background: #FF5A5F; color: #FF5A5F; background: rgba(0, 0, 0, 0); color: rgba(0, 0, 0, 0); background: #FF5A5F; color: #FF5A5F; background: rgba(0, 0, 0, 0); color: rgba(0, 0, 0, 0); background: rgba(0, 0, 0, 0); color: rgba(0, 0, 0, 0); background: rgba(0, 0, 0, 0); color: rgba(0, 0, 0, 0); background: rgba(0, 0, 0, 0); color: rgba(0, 0, 0, 0); background: rgba(0, 0, 0, 0); color: rgba(0, 0, 0, 0); background: rgba(0, 0, 0, 0); color: rgba(0, 0, 0, 0); background: rgba(0, 0, 0, 0); color: rgba(0, 0, 0, 0); background: #FF5A5F; color: #FF5A5F; background: rgba(0, 0, 0, 0); color: rgba(0, 0, 0, 0); background: rgba(0, 0, 0, 0); color: rgba(0, 0, 0, 0); background: rgba(0, 0, 0, 0); color: rgba(0, 0, 0, 0); background: #FF5A5F; color: #FF5A5F; background: rgba(0, 0, 0, 0); color: rgba(0, 0, 0, 0); background: rgba(0, 0, 0, 0); color: rgba(0, 0, 0, 0); background: rgba(0, 0, 0, 0); color: rgba(0, 0, 0, 0); background: rgba(0, 0, 0, 0); color: rgba(0, 0, 0, 0); background: rgba(0, 0, 0, 0); color: rgba(0, 0, 0, 0); background: #FF5A5F; color: #FF5A5F; background: rgba(0, 0, 0, 0); color: rgba(0, 0, 0, 0); background: rgba(0, 0, 0, 0); color: rgba(0, 0, 0, 0); background: rgba(0, 0, 0, 0); color: rgba(0, 0, 0, 0); background: rgba(0, 0, 0, 0); color: rgba(0, 0, 0, 0); background: rgba(0, 0, 0, 0); color: rgba(0, 0, 0, 0); background: #FF5A5F; color: #FF5A5F; background: rgba(0, 0, 0, 0); color: rgba(0, 0, 0, 0); background: rgba(0, 0, 0, 0); color: rgba(0, 0, 0, 0); background: rgba(0, 0, 0, 0); color: rgba(0, 0, 0, 0); background: rgba(0, 0, 0, 0); color: rgba(0, 0, 0, 0); background: #FF5A5F; color: #FF5A5F; background: rgba(0, 0, 0, 0); color: rgba(0, 0, 0, 0); background: rgba(0, 0, 0, 0); color: rgba(0, 0, 0, 0); background: rgba(0, 0, 0, 0); color: rgba(0, 0, 0, 0); background: rgba(0, 0, 0, 0); color: rgba(0, 0, 0, 0); background: rgba(0, 0, 0, 0); color: rgba(0, 0, 0, 0); background: #FF5A5F; color: #FF5A5F; background: rgba(0, 0, 0, 0); color: rgba(0, 0, 0, 0); background: rgba(0, 0, 0, 0); color: rgba(0, 0, 0, 0); background: rgba(0, 0, 0, 0); color: rgba(0, 0, 0, 0); background: #FF5A5F; color: #FF5A5F; background: rgba(0, 0, 0, 0); color: rgba(0, 0, 0, 0); background: rgba(0, 0, 0, 0); color: rgba(0, 0, 0, 0); background: rgba(0, 0, 0, 0); color: rgba(0, 0, 0, 0); background: #FF5A5F; color: #FF5A5F; background: rgba(0, 0, 0, 0); color: rgba(0, 0, 0, 0); background: rgba(0, 0, 0, 0); color: rgba(0, 0, 0, 0); background: rgba(0, 0, 0, 0); color: rgba(0, 0, 0, 0); background: #FF5A5F; color: #FF5A5F; background: rgba(0, 0, 0, 0); color: rgba(0, 0, 0, 0); background: rgba(0, 0, 0, 0); color: rgba(0, 0, 0, 0); background: #FF5A5F; color: #FF5A5F; background: rgba(0, 0, 0, 0); color: rgba(0, 0, 0, 0); background: rgba(0, 0, 0, 0); color: rgba(0, 0, 0, 0); background: #FF5A5F; color: #FF5A5F; background: rgba(0, 0, 0, 0); color: rgba(0, 0, 0, 0); background: #FF5A5F; color: #FF5A5F; background: rgba(0, 0, 0, 0); color: rgba(0, 0, 0, 0); background: rgba(0, 0, 0, 0); color: rgba(0, 0, 0, 0); background: #FF5A5F; color: #FF5A5F; background: rgba(0, 0, 0, 0); color: rgba(0, 0, 0, 0); background: #FF5A5F; color: #FF5A5F; background: rgba(0, 0, 0, 0); color: rgba(0, 0, 0, 0); background: rgba(0, 0, 0, 0); color: rgba(0, 0, 0, 0); background: rgba(0, 0, 0, 0); color: rgba(0, 0, 0, 0); background: #FF5A5F; color: #FF5A5F; background: rgba(0, 0, 0, 0); color: rgba(0, 0, 0, 0); background: #FF5A5F; color: #FF5A5F; background: rgba(0, 0, 0, 0); color: rgba(0, 0, 0, 0); background: rgba(0, 0, 0, 0); color: rgba(0, 0, 0, 0); background: rgba(0, 0, 0, 0); color: rgba(0, 0, 0, 0); background: #FF5A5F; color: #FF5A5F; background: #FF5A5F; color: #FF5A5F; background: rgba(0, 0, 0, 0); color: rgba(0, 0, 0, 0); background: rgba(0, 0, 0, 0); color: rgba(0, 0, 0, 0); background: rgba(0, 0, 0, 0); color: rgba(0, 0, 0, 0); background: rgba(0, 0, 0, 0); color: rgba(0, 0, 0, 0); background: #FF5A5F; color: #FF5A5F; background: rgba(0, 0, 0, 0); color: rgba(0, 0, 0, 0); background: rgba(0, 0, 0, 0); color: rgba(0, 0, 0, 0); background: rgba(0, 0, 0, 0); color: rgba(0, 0, 0, 0); background: rgba(0, 0, 0, 0); color: rgba(0, 0, 0, 0); background: #FF5A5F; color: #FF5A5F; background: rgba(0, 0, 0, 0); color: rgba(0, 0, 0, 0); background: #FF5A5F; color: #FF5A5F; background: rgba(0, 0, 0, 0); color: rgba(0, 0, 0, 0); background: rgba(0, 0, 0, 0); color: rgba(0, 0, 0, 0); background: #FF5A5F; color: #FF5A5F; background: rgba(0, 0, 0, 0); color: rgba(0, 0, 0, 0); background: #FF5A5F; color: #FF5A5F; background: rgba(0, 0, 0, 0); color: rgba(0, 0, 0, 0); background: rgba(0, 0, 0, 0); color: rgba(0, 0, 0, 0); background: #FF5A5F; color: #FF5A5F; background: rgba(0, 0, 0, 0); color: rgba(0, 0, 0, 0); background: rgba(0, 0, 0, 0); color: rgba(0, 0, 0, 0); background: rgba(0, 0, 0, 0); color: rgba(0, 0, 0, 0); background: #FF5A5F; color: #FF5A5F; background: #FF5A5F; color: #FF5A5F; background: rgba(0, 0, 0, 0); color: rgba(0, 0, 0, 0); background: rgba(0, 0, 0, 0); color: rgba(0, 0, 0, 0); background: rgba(0, 0, 0, 0); color: rgba(0, 0, 0, 0); background: #FF5A5F; color: #FF5A5F; background: #FF5A5F; color: #FF5A5F; background: rgba(0, 0, 0, 0); color: rgba(0, 0, 0, 0); background: rgba(0, 0, 0, 0); color: rgba(0, 0, 0, 0); background: default; color: default; @ https://a0.muscache.com/airbnb/static/packages/web/fr/73d2.79cbae4275.js:82
[    1775ms] [WARNING] Google Maps JavaScript API has been loaded directly without loading=async. This can result in suboptimal performance. For best-practice loading patterns please see https://goo.gle/js-api-loading @ https://maps.googleapis.com/maps/api/js?language=fr&region=FR&v=3.63&key=AIzaSyBEPXkdNeppUGoYTnxRJNEPmWfHdRpcmXU&hyperloopconfig=false&map_ids=f070129df0f6b488%2Ce7d50401c220d678%2C76aa4feafa54e1b4ddc75427%2C76aa4feafa54e1b485876b96%2C76aa4feafa54e1b45f841fc6%2C76aa4feafa54e1b447510e15&callback=__onGoogleMapsLoad:332
[    1909ms] [ERROR] Attempted to load a Vector Map, but failed. Falling back to Raster. Please see https://developers.google.com/maps/documentation/javascript/webgl/support for more info @ https://maps.googleapis.com/maps/api/js?language=fr&region=FR&v=3.63&key=AIzaSyBEPXkdNeppUGoYTnxRJNEPmWfHdRpcmXU&hyperloopconfig=false&map_ids=f070129df0f6b488%2Ce7d50401c220d678%2C76aa4feafa54e1b4ddc75427%2C76aa4feafa54e1b485876b96%2C76aa4feafa54e1b45f841fc6%2C76aa4feafa54e1b447510e15&callback=__onGoogleMapsLoad:198
[    2224ms] [VERBOSE] Rendering was performed in a subtree hidden by content-visibility. @ https://maps.googleapis.com/maps-api-v3/api/js/63/14d/intl/fr_ALL/marker.js:2
[    2299ms] [VERBOSE] Rendering was performed in a subtree hidden by content-visibility. @ https://maps.googleapis.com/maps-api-v3/api/js/63/14d/intl/fr_ALL/marker.js:2
[    2300ms] [VERBOSE] Rendering was performed in a subtree hidden by content-visibility. @ https://maps.googleapis.com/maps-api-v3/api/js/63/14d/intl/fr_ALL/marker.js:2
[    2300ms] [VERBOSE] Rendering was performed in a subtree hidden by content-visibility. @ https://maps.googleapis.com/maps-api-v3/api/js/63/14d/intl/fr_ALL/marker.js:2
[   19908ms] [VERBOSE] Rendering was performed in a subtree hidden by content-visibility. @ :3338
[   19913ms] [VERBOSE] Rendering was performed in a subtree hidden by content-visibility. @ :3338
[   19918ms] [VERBOSE] Rendering was performed in a subtree hidden by content-visibility. @ :3338
[   19923ms] [VERBOSE] Rendering was performed in a subtree hidden by content-visibility. @ :3338
[   19928ms] [VERBOSE] Rendering was performed in a subtree hidden by content-visibility. @ :3338
[   19933ms] [VERBOSE] Rendering was performed in a subtree hidden by content-visibility. @ :3338
[   19938ms] [VERBOSE] Rendering was performed in a subtree hidden by content-visibility. @ :3338
[   19943ms] [VERBOSE] Rendering was performed in a subtree hidden by content-visibility. @ :3338
[   19947ms] [VERBOSE] Rendering was performed in a subtree hidden by content-visibility. @ :3338
[   19952ms] [VERBOSE] Rendering was performed in a subtree hidden by content-visibility. @ :3338
[   19956ms] [VERBOSE] Rendering was performed in a subtree hidden by content-visibility. @ :3338
[   19960ms] [VERBOSE] Rendering was performed in a subtree hidden by content-visibility. @ :3338
[   19965ms] [VERBOSE] Rendering was performed in a subtree hidden by content-visibility. @ :3338
[   19969ms] [VERBOSE] Rendering was performed in a subtree hidden by content-visibility. @ :3338
[   19973ms] [VERBOSE] Rendering was performed in a subtree hidden by content-visibility. @ :3338
[   19978ms] [VERBOSE] Rendering was performed in a subtree hidden by content-visibility. @ :3338
[   19982ms] [VERBOSE] Rendering was performed in a subtree hidden by content-visibility. @ :3338
[   19989ms] [VERBOSE] Rendering was performed in a subtree hidden by content-visibility. @ :3338
[   30112ms] [VERBOSE] Rendering was performed in a subtree hidden by content-visibility. @ :3338
[   30117ms] [VERBOSE] Rendering was performed in a subtree hidden by content-visibility. @ :3338
[   30122ms] [VERBOSE] Rendering was performed in a subtree hidden by content-visibility. @ :3338
[   30126ms] [VERBOSE] Rendering was performed in a subtree hidden by content-visibility. @ :3338
[   30130ms] [VERBOSE] Rendering was performed in a subtree hidden by content-visibility. @ :3338
[   30135ms] [VERBOSE] Rendering was performed in a subtree hidden by content-visibility. @ :3338
[   30139ms] [VERBOSE] Rendering was performed in a subtree hidden by content-visibility. @ :3338
[   30144ms] [VERBOSE] Rendering was performed in a subtree hidden by content-visibility. @ :3338
[   30149ms] [VERBOSE] Rendering was performed in a subtree hidden by content-visibility. @ :3338
[   30154ms] [VERBOSE] Rendering was performed in a subtree hidden by content-visibility. @ :3338
[   30159ms] [VERBOSE] Rendering was performed in a subtree hidden by content-visibility. @ :3338
[   30163ms] [VERBOSE] Rendering was performed in a subtree hidden by content-visibility. @ :3338
[   30167ms] [VERBOSE] Rendering was performed in a subtree hidden by content-visibility. @ :3338
[   30171ms] [VERBOSE] Rendering was performed in a subtree hidden by content-visibility. @ :3338
[   30175ms] [VERBOSE] Rendering was performed in a subtree hidden by content-visibility. @ :3338
[   30180ms] [VERBOSE] Rendering was performed in a subtree hidden by content-visibility. @ :3338
[   30187ms] [VERBOSE] Rendering was performed in a subtree hidden by content-visibility. @ :3338
[   30192ms] [VERBOSE] Rendering was performed in a subtree hidden by content-visibility. @ :3338
[   46460ms] [VERBOSE] Rendering was performed in a subtree hidden by content-visibility. @ :3338
[   46465ms] [VERBOSE] Rendering was performed in a subtree hidden by content-visibility. @ :3338
[   46471ms] [VERBOSE] Rendering was performed in a subtree hidden by content-visibility. @ :3338
[   46477ms] [VERBOSE] Rendering was performed in a subtree hidden by content-visibility. @ :3338
[   46482ms] [VERBOSE] Rendering was performed in a subtree hidden by content-visibility. @ :3338
[   46487ms] [VERBOSE] Rendering was performed in a subtree hidden by content-visibility. @ :3338
[   46493ms] [VERBOSE] Rendering was performed in a subtree hidden by content-visibility. @ :3338
[   46498ms] [VERBOSE] Rendering was performed in a subtree hidden by content-visibility. @ :3338
[   46502ms] [VERBOSE] Rendering was performed in a subtree hidden by content-visibility. @ :3338
[   46506ms] [VERBOSE] Rendering was performed in a subtree hidden by content-visibility. @ :3338
[   46512ms] [VERBOSE] Rendering was performed in a subtree hidden by content-visibility. @ :3338
[   46516ms] [VERBOSE] Rendering was performed in a subtree hidden by content-visibility. @ :3338
[   46520ms] [VERBOSE] Rendering was performed in a subtree hidden by content-visibility. @ :3338
[   46525ms] [VERBOSE] Rendering was performed in a subtree hidden by content-visibility. @ :3338
[   46534ms] [VERBOSE] Rendering was performed in a subtree hidden by content-visibility. @ :3338
[   46542ms] [VERBOSE] Rendering was performed in a subtree hidden by content-visibility. @ :3338
[   46547ms] [VERBOSE] Rendering was performed in a subtree hidden by content-visibility. @ :3338
[   46553ms] [VERBOSE] Rendering was performed in a subtree hidden by content-visibility. @ :3338
