[     674ms] [LOG] 
%c__%c__%c__%c__%c__%c__%c__%c__%c__%c__%c__
%c__%c__%c__%c__%c__%c__%c__%c__%c__%c__%c__
%c__%c__%c__%c__%c__%c__%c__%c__%c__%c__%c__
%c__%c__%c__%c__%c__%c__%c__%c__%c__%c__%c__
%c__%c__%c__%c__%c__%c__%c__%c__%c__%c__%c__
%c__%c__%c__%c__%c__%c__%c__%c__%c__%c__%c__
%c__%c__%c__%c__%c__%c__%c__%c__%c__%c__%c__
%c__%c__%c__%c__%c__%c__%c__%c__%c__%c__%c__
%c__%c__%c__%c__%c__%c__%c__%c__%c__%c__%c__
%c__%c__%c__%c__%c__%c__%c__%c__%c__%c__%c__
%c__%c__%c__%c__%c__%c__%c__%c__%c__%c__%c__%c

Rejoignez-nous et contribuez à créer un monde où chacun peut se sentir chez soi, ailleurs, à l'adresse suivante : https://careers.airbnb.com/ background: rgba(0, 0, 0, 0); color: rgba(0, 0, 0, 0); background: rgba(0, 0, 0, 0); color: rgba(0, 0, 0, 0); background: rgba(0, 0, 0, 0); color: rgba(0, 0, 0, 0); background: rgba(0, 0, 0, 0); color: rgba(0, 0, 0, 0); background: rgba(0, 0, 0, 0); color: rgba(0, 0, 0, 0); background: #FF5A5F; color: #FF5A5F; background: rgba(0, 0, 0, 0); color: rgba(0, 0, 0, 0); background: rgba(0, 0, 0, 0); color: rgba(0, 0, 0, 0); background: rgba(0, 0, 0, 0); color: rgba(0, 0, 0, 0); background: rgba(0, 0, 0, 0); color: rgba(0, 0, 0, 0); background: rgba(0, 0, 0, 0); color: rgba(0, 0, 0, 0); background: rgba(0, 0, 0, 0); color: rgba(0, 0, 0, 0); background: rgba(0, 0, 0, 0); color: rgba(0, 0, 0, 0); background: rgba(0, 0, 0, 0); color: rgba(0, 0, 0, 0); background: rgba(0, 0, 0, 0); color: rgba(0, 0, 0, 0); background: #FF5A5F; color: #FF5A5F; background: rgba(0, 0, 0, 0); color: rgba(0, 0, 0, 0); background: #FF5A5F; color: #FF5A5F; background: rgba(0, 0, 0, 0); color: rgba(0, 0, 0, 0); background: rgba(0, 0, 0, 0); color: rgba(0, 0, 0, 0); background: rgba(0, 0, 0, 0); color: rgba(0, 0, 0, 0); background: rgba(0, 0, 0, 0); color: rgba(0, 0, 0, 0); background: rgba(0, 0, 0, 0); color: rgba(0, 0, 0, 0); background: rgba(0, 0, 0, 0); color: rgba(0, 0, 0, 0); background: rgba(0, 0, 0, 0); color: rgba(0, 0, 0, 0); background: #FF5A5F; color: #FF5A5F; background: rgba(0, 0, 0, 0); color: rgba(0, 0, 0, 0); background: rgba(0, 0, 0, 0); color: rgba(0, 0, 0, 0); background: rgba(0, 0, 0, 0); color: rgba(0, 0, 0, 0); background: #FF5A5F; color: #FF5A5F; background: rgba(0, 0, 0, 0); color: rgba(0, 0, 0, 0); background: rgba(0, 0, 0, 0); color: rgba(0, 0, 0, 0); background: rgba(0, 0, 0, 0); color: rgba(0, 0, 0, 0); background: rgba(0, 0, 0, 0); color: rgba(0, 0, 0, 0); background: rgba(0, 0, 0, 0); color: rgba(0, 0, 0, 0); background: #FF5A5F; color: #FF5A5F; background: rgba(0, 0, 0, 0); color: rgba(0, 0, 0, 0); background: rgba(0, 0, 0, 0); color: rgba(0, 0, 0, 0); background: rgba(0, 0, 0, 0); color: rgba(0, 0, 0, 0); background: rgba(0, 0, 0, 0); color: rgba(0, 0, 0, 0); background: rgba(0, 0, 0, 0); color: rgba(0, 0, 0, 0); background: #FF5A5F; color: #FF5A5F; background: rgba(0, 0, 0, 0); color: rgba(0, 0, 0, 0); background: rgba(0, 0, 0, 0); color: rgba(0, 0, 0, 0); background: rgba(0, 0, 0, 0); color: rgba(0, 0, 0, 0); background: rgba(0, 0, 0, 0); color: rgba(0, 0, 0, 0); background: #FF5A5F; color: #FF5A5F; background: rgba(0, 0, 0, 0); color: rgba(0, 0, 0, 0); background: rgba(0, 0, 0, 0); color: rgba(0, 0, 0, 0); background: rgba(0, 0, 0, 0); color: rgba(0, 0, 0, 0); background: rgba(0, 0, 0, 0); color: rgba(0, 0, 0, 0); background: rgba(0, 0, 0, 0); color: rgba(0, 0, 0, 0); background: #FF5A5F; color: #FF5A5F; background: rgba(0, 0, 0, 0); color: rgba(0, 0, 0, 0); background: rgba(0, 0, 0, 0); color: rgba(0, 0, 0, 0); background: rgba(0, 0, 0, 0); color: rgba(0, 0, 0, 0); background: #FF5A5F; color: #FF5A5F; background: rgba(0, 0, 0, 0); color: rgba(0, 0, 0, 0); background: rgba(0, 0, 0, 0); color: rgba(0, 0, 0, 0); background: rgba(0, 0, 0, 0); color: rgba(0, 0, 0, 0); background: #FF5A5F; color: #FF5A5F; background: rgba(0, 0, 0, 0); color: rgba(0, 0, 0, 0); background: rgba(0, 0, 0, 0); color: rgba(0, 0, 0, 0); background: rgba(0, 0, 0, 0); color: rgba(0, 0, 0, 0); background: #FF5A5F; color: #FF5A5F; background: rgba(0, 0, 0, 0); color: rgba(0, 0, 0, 0); background: rgba(0, 0, 0, 0); color: rgba(0, 0, 0, 0); background: #FF5A5F; color: #FF5A5F; background: rgba(0, 0, 0, 0); color: rgba(0, 0, 0, 0); background: rgba(0, 0, 0, 0); color: rgba(0, 0, 0, 0); background: #FF5A5F; color: #FF5A5F; background: rgba(0, 0, 0, 0); color: rgba(0, 0, 0, 0); background: #FF5A5F; color: #FF5A5F; background: rgba(0, 0, 0, 0); color: rgba(0, 0, 0, 0); background: rgba(0, 0, 0, 0); color: rgba(0, 0, 0, 0); background: #FF5A5F; color: #FF5A5F; background: rgba(0, 0, 0, 0); color: rgba(0, 0, 0, 0); background: #FF5A5F; color: #FF5A5F; background: rgba(0, 0, 0, 0); color: rgba(0, 0, 0, 0); background: rgba(0, 0, 0, 0); color: rgba(0, 0, 0, 0); background: rgba(0, 0, 0, 0); color: rgba(0, 0, 0, 0); background: #FF5A5F; color: #FF5A5F; background: rgba(0, 0, 0, 0); color: rgba(0, 0, 0, 0); background: #FF5A5F; color: #FF5A5F; background: rgba(0, 0, 0, 0); color: rgba(0, 0, 0, 0); background: rgba(0, 0, 0, 0); color: rgba(0, 0, 0, 0); background: rgba(0, 0, 0, 0); color: rgba(0, 0, 0, 0); background: #FF5A5F; color: #FF5A5F; background: #FF5A5F; color: #FF5A5F; background: rgba(0, 0, 0, 0); color: rgba(0, 0, 0, 0); background: rgba(0, 0, 0, 0); color: rgba(0, 0, 0, 0); background: rgba(0, 0, 0, 0); color: rgba(0, 0, 0, 0); background: rgba(0, 0, 0, 0); color: rgba(0, 0, 0, 0); background: #FF5A5F; color: #FF5A5F; background: rgba(0, 0, 0, 0); color: rgba(0, 0, 0, 0); background: rgba(0, 0, 0, 0); color: rgba(0, 0, 0, 0); background: rgba(0, 0, 0, 0); color: rgba(0, 0, 0, 0); background: rgba(0, 0, 0, 0); color: rgba(0, 0, 0, 0); background: #FF5A5F; color: #FF5A5F; background: rgba(0, 0, 0, 0); color: rgba(0, 0, 0, 0); background: #FF5A5F; color: #FF5A5F; background: rgba(0, 0, 0, 0); color: rgba(0, 0, 0, 0); background: rgba(0, 0, 0, 0); color: rgba(0, 0, 0, 0); background: #FF5A5F; color: #FF5A5F; background: rgba(0, 0, 0, 0); color: rgba(0, 0, 0, 0); background: #FF5A5F; color: #FF5A5F; background: rgba(0, 0, 0, 0); color: rgba(0, 0, 0, 0); background: rgba(0, 0, 0, 0); color: rgba(0, 0, 0, 0); background: #FF5A5F; color: #FF5A5F; background: rgba(0, 0, 0, 0); color: rgba(0, 0, 0, 0); background: rgba(0, 0, 0, 0); color: rgba(0, 0, 0, 0); background: rgba(0, 0, 0, 0); color: rgba(0, 0, 0, 0); background: #FF5A5F; color: #FF5A5F; background: #FF5A5F; color: #FF5A5F; background: rgba(0, 0, 0, 0); color: rgba(0, 0, 0, 0); background: rgba(0, 0, 0, 0); color: rgba(0, 0, 0, 0); background: rgba(0, 0, 0, 0); color: rgba(0, 0, 0, 0); background: #FF5A5F; color: #FF5A5F; background: #FF5A5F; color: #FF5A5F; background: rgba(0, 0, 0, 0); color: rgba(0, 0, 0, 0); background: rgba(0, 0, 0, 0); color: rgba(0, 0, 0, 0); background: default; color: default; @ https://a0.muscache.com/airbnb/static/packages/web/fr/73d2.79cbae4275.js:82
[    1235ms] [WARNING] Google Maps JavaScript API has been loaded directly without loading=async. This can result in suboptimal performance. For best-practice loading patterns please see https://goo.gle/js-api-loading @ https://maps.googleapis.com/maps/api/js?language=fr&region=FR&v=3.63&key=AIzaSyBEPXkdNeppUGoYTnxRJNEPmWfHdRpcmXU&hyperloopconfig=false&map_ids=f070129df0f6b488%2Ce7d50401c220d678%2C76aa4feafa54e1b4ddc75427%2C76aa4feafa54e1b485876b96%2C76aa4feafa54e1b45f841fc6%2C76aa4feafa54e1b447510e15&callback=__onGoogleMapsLoad:332
[    1333ms] [ERROR] Attempted to load a Vector Map, but failed. Falling back to Raster. Please see https://developers.google.com/maps/documentation/javascript/webgl/support for more info @ https://maps.googleapis.com/maps/api/js?language=fr&region=FR&v=3.63&key=AIzaSyBEPXkdNeppUGoYTnxRJNEPmWfHdRpcmXU&hyperloopconfig=false&map_ids=f070129df0f6b488%2Ce7d50401c220d678%2C76aa4feafa54e1b4ddc75427%2C76aa4feafa54e1b485876b96%2C76aa4feafa54e1b45f841fc6%2C76aa4feafa54e1b447510e15&callback=__onGoogleMapsLoad:198
[    1536ms] [VERBOSE] Rendering was performed in a subtree hidden by content-visibility. @ https://maps.googleapis.com/maps-api-v3/api/js/63/14d/intl/fr_ALL/marker.js:2
[    1639ms] [VERBOSE] Rendering was performed in a subtree hidden by content-visibility. @ https://maps.googleapis.com/maps-api-v3/api/js/63/14d/intl/fr_ALL/marker.js:2
[    1640ms] [VERBOSE] Rendering was performed in a subtree hidden by content-visibility. @ https://maps.googleapis.com/maps-api-v3/api/js/63/14d/intl/fr_ALL/marker.js:2
[    1640ms] [VERBOSE] Rendering was performed in a subtree hidden by content-visibility. @ https://maps.googleapis.com/maps-api-v3/api/js/63/14d/intl/fr_ALL/marker.js:2
[    1751ms] [VERBOSE] Rendering was performed in a subtree hidden by content-visibility. @ :3338
[    1757ms] [VERBOSE] Rendering was performed in a subtree hidden by content-visibility. @ :3338
[    1764ms] [VERBOSE] Rendering was performed in a subtree hidden by content-visibility. @ :3338
[    1770ms] [VERBOSE] Rendering was performed in a subtree hidden by content-visibility. @ :3338
[    1776ms] [VERBOSE] Rendering was performed in a subtree hidden by content-visibility. @ :3338
[    1783ms] [VERBOSE] Rendering was performed in a subtree hidden by content-visibility. @ :3338
[    1789ms] [VERBOSE] Rendering was performed in a subtree hidden by content-visibility. @ :3338
[    1795ms] [VERBOSE] Rendering was performed in a subtree hidden by content-visibility. @ :3338
[    1800ms] [VERBOSE] Rendering was performed in a subtree hidden by content-visibility. @ :3338
[    7921ms] [VERBOSE] Rendering was performed in a subtree hidden by content-visibility. @ :3338
[    7926ms] [VERBOSE] Rendering was performed in a subtree hidden by content-visibility. @ :3338
[    7930ms] [VERBOSE] Rendering was performed in a subtree hidden by content-visibility. @ :3338
[    7934ms] [VERBOSE] Rendering was performed in a subtree hidden by content-visibility. @ :3338
[    7938ms] [VERBOSE] Rendering was performed in a subtree hidden by content-visibility. @ :3338
[    7943ms] [VERBOSE] Rendering was performed in a subtree hidden by content-visibility. @ :3338
[    7947ms] [VERBOSE] Rendering was performed in a subtree hidden by content-visibility. @ :3338
[    7951ms] [VERBOSE] Rendering was performed in a subtree hidden by content-visibility. @ :3338
[    7955ms] [VERBOSE] Rendering was performed in a subtree hidden by content-visibility. @ :3338
[    7961ms] [VERBOSE] Rendering was performed in a subtree hidden by content-visibility. @ :3338
[    7965ms] [VERBOSE] Rendering was performed in a subtree hidden by content-visibility. @ :3338
[    7968ms] [VERBOSE] Rendering was performed in a subtree hidden by content-visibility. @ :3338
[    7973ms] [VERBOSE] Rendering was performed in a subtree hidden by content-visibility. @ :3338
[    7978ms] [VERBOSE] Rendering was performed in a subtree hidden by content-visibility. @ :3338
[    7983ms] [VERBOSE] Rendering was performed in a subtree hidden by content-visibility. @ :3338
[    7988ms] [VERBOSE] Rendering was performed in a subtree hidden by content-visibility. @ :3338
[    7992ms] [VERBOSE] Rendering was performed in a subtree hidden by content-visibility. @ :3338
[    7997ms] [VERBOSE] Rendering was performed in a subtree hidden by content-visibility. @ :3338
[    8002ms] [VERBOSE] Rendering was performed in a subtree hidden by content-visibility. @ :3338
[    8006ms] [VERBOSE] Rendering was performed in a subtree hidden by content-visibility. @ :3338
[    8011ms] [VERBOSE] Rendering was performed in a subtree hidden by content-visibility. @ :3338
[    8015ms] [VERBOSE] Rendering was performed in a subtree hidden by content-visibility. @ :3338
[    8018ms] [VERBOSE] Rendering was performed in a subtree hidden by content-visibility. @ :3338
[    8023ms] [VERBOSE] Rendering was performed in a subtree hidden by content-visibility. @ :3338
